[www.mixo.io/site/school-site-8j7j5.html]
[backblue.gif]
[fade.gif]
[index.html]
[www.mixo.io/site/school-site-8j7j5/sitemap.xml]
[storage.googleapis.com/mixo-sites/images/file-45266a49-42e7-4154-89dd-8213aef5c26e.png]
[storage.googleapis.com/mixo-files/uploads/default-social-schoolsite-1695873040195.png]
[www.mixo.io/site/school-site-8j7j5/assets/style-4886f02b.css]
[www.mixo.io/site/school-site-8j7j5/assets/iles.eb302c32.js]
[www.mixo.io/site/school-site-8j7j5/assets/vendor-vue.a4f77483.js]
[www.mixo.io/site/school-site-8j7j5/assets/MixoHeader.b3d9583f.js]
[www.mixo.io/site/school-site-8j7j5/assets/UiButton.4f919c66.js]
[www.mixo.io/site/school-site-8j7j5/assets/vite.c27b6911.js]
[www.mixo.io/site/school-site-8j7j5/assets/ScriptLoader.12dc1234.js]
[www.mixo.io/site/school-site-8j7j5/assets/SignupForm.476d22d8.js]
[storage.googleapis.com/mixo-sites/images/file-ef9ed64e-2d7a-4f17-949f-87d9c371a896.png]
[storage.googleapis.com/mixo-sites/images/file-75e0623e-30f4-4224-9064-d757fea42993.png]
[storage.googleapis.com/mixo-sites/images/file-1fade0c7-b30f-4a70-8135-ae28e2cda0ee.png]
[www.mixo.io/site/school-site-8j7j5.html]
[www.mixo.io/site/school-site-8j7j5/assets/style-4886f02b.css]
[www.mixo.io/cdn-cgi/zaraz/sd0d9.js]
